
== [keyboard] boot and title ==
  PASS  boots into the title phase
  PASS  title fully revealed (phaseTick 416 >= 270)
  frame keyboard_title: p50 8.3 / p95 9.3 / worst 10.4 ms

== [keyboard] enter the run ==
  PASS  leaving the title works (keyboard)

== [keyboard] cold open (23 s held) ==
  PASS  cold open completes into the night (23.2 s held, phase=night)

== [keyboard] the nights ==
  frame keyboard_playing: p50 8.3 / p95 10 / worst 10.3 ms
  PASS  the simulation advances under input
  PASS  observable state changes: ['night', 'minute', 'words', 'store', 'unease']

== [keyboard] restart ==
  PASS  restart returns to the title
  PASS  restart restores a valid initial state (night 1, words 0)

== [mouse] boot and title ==
  PASS  boots into the title phase
  PASS  title fully revealed (phaseTick 414 >= 270)
  frame mouse_title: p50 8.3 / p95 9.9 / worst 10.3 ms

== [mouse] title buttons: about and options plates ==
  PASS  clicking the third title verb opens the about card
  PASS  clicking the about card returns to the title
  PASS  clicking the second title verb opens the options plate
  PASS  clicking an options row toggles it (textScale 1 -> 1.25)
  PASS  back on a clean title after the options detour

== [mouse] enter the run ==
  PASS  the first title verb is clickable (no keyboard fallback)
  PASS  leaving the title works (mouse)

== [mouse] cold open (23 s held) ==
  PASS  cold open completes into the night (23.3 s held, phase=night)

== [mouse] the nights ==
  frame mouse_playing: p50 8.3 / p95 9.2 / worst 9.7 ms
  PASS  the simulation advances under input
  PASS  observable state changes: ['night', 'minute', 'store', 'unease']

== [mouse] restart ==
  PASS  restart returns to the title
  PASS  restart restores a valid initial state (night 1, words 0)

== [campaign] boot, title, cold open ==
  PASS  [campaign] boots into the title phase
  PASS  [campaign] leaving the title works
  PASS  [campaign] cold open completes into night 1

== [campaign] nights 1-2: listening at the chink ==
  PASS  [campaign] night 1 banks words by listening (12)
  PASS  [campaign] night 2 begins

== [campaign] night 3: first carry after the retiring window ==
  PASS  [campaign] night 3 begins
  PASS  [campaign] night 3: the retiring window closes
  PASS  [campaign] night 3: steps out once the yard is empty
  PASS  [campaign] n3_carry: the load is taken up
  PASS  [campaign] n3_carry: put down at their door (firing 0 -> 1)
  PASS  [campaign] n3_carry: back inside ahead of the dawn window

== [campaign] night 4: first lesson, second carry ==
  PASS  night 4: the lesson starts at minute 0 (lesson)
  PASS  [campaign] night 4: the first lesson completes (+20 words)
  PASS  [campaign] night 4: steps out after the lesson
  PASS  [campaign] n4_carry: the load is taken up
  PASS  [campaign] n4_carry: put down at their door (firing 1 -> 2)
  PASS  [campaign] n4_carry: back inside ahead of the dawn window

== [campaign] nights 5-7: the remaining lessons ==
  PASS  night 5: the lesson starts at minute 0 (lesson)
  PASS  [campaign] night 5: the lesson completes
  PASS  night 6: the lesson starts at minute 0 (lesson)
  PASS  [campaign] night 6: the lesson completes
  PASS  night 7: the lesson starts at minute 0 (lesson)
  PASS  [campaign] night 7: the lesson completes
  PASS  [campaign] four lessons attended (4)
  PASS  [campaign] words 96 >= 80, the fifth exchange gate (GAME_DESIGN §7)
  PASS  [campaign] carries 2 >= 1, the exchange-5 lock (GAME_DESIGN §9)
  PASS  [campaign] seven full nights played before the walk (now at dawn 8, night counter 8)

== [campaign] day 8: the walk ==
  PASS  [campaign] the long walk, five slots (walk={'day': 8, 'slots': 5, 'band': 'long'})
  PASS  [campaign] the three go out at the gate
  PASS  [campaign] crosses the yard in daylight
  PASS  [campaign] the knock keeps all five slots (slots=5)

== [campaign] the door: five exchanges ==
  PASS  [campaign] the door opens when the walk's clock runs out
  PASS  [campaign] all five exchanges land (reached 5, words 96)
  PASS  [campaign] ending id is a designed one (door; §12: ('seen', 'want', 'silence', 'door'))
  PASS  [campaign] the run ends at the door (door)

== [campaign] aftermath, epilogue, afterRun ==
  PASS  [campaign] the epilogue model agrees (ending=door, exchange5=True, storeAtFlight=3, beds=1)
  PASS  [campaign] the epilogue plays out to afterRun
  PASS  [campaign] the ending is still recorded at afterRun

== [campaign] restart ==
  PASS  [campaign] restart restores a valid initial state (phase=title, night 1, words 0)

== [mouse-campaign] boot, title, cold open ==
  PASS  [mouse-campaign] boots into the title phase
  PASS  [mouse-campaign] clicking the first title verb enters the run
  PASS  [mouse-campaign] cold open completes into night 1 (held mouse)

== [mouse-campaign] nights 1-2: listening, clicked at the chink ==
  PASS  [mouse-campaign] night 1: a click at the chink starts listening
  PASS  [mouse-campaign] night 1 banks words by listening (12)
  PASS  [mouse-campaign] night 2 begins (dawn read advanced by click)

== [mouse-campaign] night 3: first carry, clicked ==
  PASS  [mouse-campaign] night 3 begins
  PASS  [mouse-campaign] night 3: the retiring window closes
  PASS  [mouse-campaign] night 3: clicking the cold slot steps out
  PASS  [mouse-campaign] click-to-move reaches (585,258) (last={'phase': 'night', 'night': 3, 'day': 3, 'minute': 5.63, 'length': 13, 'words': 22, 'firing': 0, 'store': 4, 'unease': 0, 'x': 587, 'y': 258, 'carrying': False, 'inHovel': False, 'ending': None, 'seenBy': None, 'exchanges': 0, 'carries': 0, 'lessons': 0, 'listens': 14, 'slipped': False, 'walk': None, 'door': None, 'canSpeak': False, 'lessonDone': False, 'listening': False, 'action': None, 'walkStage': None})
  PASS  [mouse-campaign] click-to-move actually moves the creature ((630,265) -> (587,258))
  PASS  [mouse-campaign] click-to-move reaches (455,330) (last={'phase': 'night', 'night': 3, 'day': 3, 'minute': 6.18, 'length': 13, 'words': 22, 'firing': 0, 'store': 4, 'unease': 0, 'x': 460, 'y': 328, 'carrying': False, 'inHovel': False, 'ending': None, 'seenBy': None, 'exchanges': 0, 'carries': 0, 'lessons': 0, 'listens': 14, 'slipped': False, 'walk': None, 'door': None, 'canSpeak': False, 'lessonDone': False, 'listening': False, 'action': None, 'walkStage': None})
  PASS  [mouse-campaign] n3_carry: the outhouse click walks over and takes the load (last={'phase': 'night', 'night': 3, 'day': 3, 'minute': 6.83, 'length': 13, 'words': 22, 'firing': 0, 'store': 4, 'unease': 0, 'x': 330, 'y': 464, 'carrying': True, 'inHovel': False, 'ending': None, 'seenBy': None, 'exchanges': 0, 'carries': 0, 'lessons': 0, 'listens': 14, 'slipped': False, 'walk': None, 'door': None, 'canSpeak': False, 'lessonDone': False, 'listening': False, 'action': None, 'walkStage': None})
  PASS  [mouse-campaign] click-to-move reaches (450,462) (last={'phase': 'night', 'night': 3, 'day': 3, 'minute': 7.27, 'length': 13, 'words': 22, 'firing': 0, 'store': 4, 'unease': 0, 'x': 451, 'y': 462, 'carrying': True, 'inHovel': False, 'ending': None, 'seenBy': None, 'exchanges': 0, 'carries': 0, 'lessons': 0, 'listens': 14, 'slipped': False, 'walk': None, 'door': None, 'canSpeak': False, 'lessonDone': False, 'listening': False, 'action': None, 'walkStage': None})
  PASS  [mouse-campaign] click-to-move reaches (748,462) (last={'phase': 'night', 'night': 3, 'day': 3, 'minute': 8.32, 'length': 13, 'words': 22, 'firing': 0, 'store': 4, 'unease': 0, 'x': 746, 'y': 462, 'carrying': True, 'inHovel': False, 'ending': None, 'seenBy': None, 'exchanges': 0, 'carries': 0, 'lessons': 0, 'listens': 14, 'slipped': False, 'walk': None, 'door': None, 'canSpeak': False, 'lessonDone': False, 'listening': False, 'action': None, 'walkStage': None})
  PASS  [mouse-campaign] click-to-move reaches (748,425) (last={'phase': 'night', 'night': 3, 'day': 3, 'minute': 8.43, 'length': 13, 'words': 22, 'firing': 0, 'store': 4, 'unease': 0, 'x': 747, 'y': 433, 'carrying': True, 'inHovel': False, 'ending': None, 'seenBy': None, 'exchanges': 0, 'carries': 0, 'lessons': 0, 'listens': 14, 'slipped': False, 'walk': None, 'door': None, 'canSpeak': False, 'lessonDone': False, 'listening': False, 'action': None, 'walkStage': None})
  PASS  [mouse-campaign] n3_carry: the door click puts the load down (firing 0 -> 1)
  PASS  [mouse-campaign] click-to-move reaches (748,410) (last={'phase': 'night', 'night': 3, 'day': 3, 'minute': 9.78, 'length': 13, 'words': 22, 'firing': 1, 'store': 4, 'unease': 0, 'x': 749, 'y': 410, 'carrying': False, 'inHovel': False, 'ending': None, 'seenBy': None, 'exchanges': 0, 'carries': 1, 'lessons': 0, 'listens': 14, 'slipped': False, 'walk': None, 'door': None, 'canSpeak': False, 'lessonDone': False, 'listening': False, 'action': None, 'walkStage': None})
  PASS  [mouse-campaign] click-to-move reaches (748,290) (last={'phase': 'night', 'night': 3, 'day': 3, 'minute': 10.2, 'length': 13, 'words': 22, 'firing': 1, 'store': 4, 'unease': 0, 'x': 748, 'y': 294, 'carrying': False, 'inHovel': False, 'ending': None, 'seenBy': None, 'exchanges': 0, 'carries': 1, 'lessons': 0, 'listens': 14, 'slipped': False, 'walk': None, 'door': None, 'canSpeak': False, 'lessonDone': False, 'listening': False, 'action': None, 'walkStage': None})
  PASS  [mouse-campaign] click-to-move reaches (684,290) (last={'phase': 'night', 'night': 3, 'day': 3, 'minute': 10.42, 'length': 13, 'words': 22, 'firing': 1, 'store': 4, 'unease': 0, 'x': 690, 'y': 290, 'carrying': False, 'inHovel': False, 'ending': None, 'seenBy': None, 'exchanges': 0, 'carries': 1, 'lessons': 0, 'listens': 14, 'slipped': False, 'walk': None, 'door': None, 'canSpeak': False, 'lessonDone': False, 'listening': False, 'action': None, 'walkStage': None})
  PASS  [mouse-campaign] n3_carry: the mouth click slips back inside (last={'phase': 'night', 'night': 3, 'day': 3, 'minute': 10.73, 'length': 13, 'words': 22, 'firing': 1, 'store': 4, 'unease': 0, 'x': 630, 'y': 265, 'carrying': False, 'inHovel': True, 'ending': None, 'seenBy': None, 'exchanges': 0, 'carries': 1, 'lessons': 0, 'listens': 14, 'slipped': False, 'walk': None, 'door': None, 'canSpeak': False, 'lessonDone': False, 'listening': False, 'action': None, 'walkStage': None})

== [mouse-campaign] night 4: first lesson by click, second carry ==
  PASS  [mouse-campaign] night 4: the lesson starts at minute 0 by click (lesson)
  PASS  [mouse-campaign] night 4: the first lesson completes (+20 words)
  PASS  [mouse-campaign] night 4: steps out after the lesson
  PASS  [mouse-campaign] click-to-move reaches (585,258) (last={'phase': 'night', 'night': 4, 'day': 4, 'minute': 5.4, 'length': 12, 'words': 43, 'firing': 1, 'store': 3, 'unease': 0, 'x': 597, 'y': 260, 'carrying': False, 'inHovel': False, 'ending': None, 'seenBy': None, 'exchanges': 0, 'carries': 1, 'lessons': 1, 'listens': 15, 'slipped': False, 'walk': None, 'door': None, 'canSpeak': False, 'lessonDone': True, 'listening': False, 'action': None, 'walkStage': None})
  PASS  [mouse-campaign] click-to-move reaches (455,330) (last={'phase': 'night', 'night': 4, 'day': 4, 'minute': 5.92, 'length': 12, 'words': 43, 'firing': 1, 'store': 3, 'unease': 0, 'x': 462, 'y': 326, 'carrying': False, 'inHovel': False, 'ending': None, 'seenBy': None, 'exchanges': 0, 'carries': 1, 'lessons': 1, 'listens': 15, 'slipped': False, 'walk': None, 'door': None, 'canSpeak': False, 'lessonDone': True, 'listening': False, 'action': None, 'walkStage': None})
  PASS  [mouse-campaign] n4_carry: the outhouse click walks over and takes the load (last={'phase': 'night', 'night': 4, 'day': 4, 'minute': 6.57, 'length': 12, 'words': 43, 'firing': 1, 'store': 3, 'unease': 0, 'x': 332, 'y': 462, 'carrying': True, 'inHovel': False, 'ending': None, 'seenBy': None, 'exchanges': 0, 'carries': 1, 'lessons': 1, 'listens': 15, 'slipped': False, 'walk': None, 'door': None, 'canSpeak': False, 'lessonDone': True, 'listening': False, 'action': None, 'walkStage': None})
  PASS  [mouse-campaign] click-to-move reaches (450,462) (last={'phase': 'night', 'night': 4, 'day': 4, 'minute': 6.98, 'length': 12, 'words': 43, 'firing': 1, 'store': 3, 'unease': 0, 'x': 448, 'y': 462, 'carrying': True, 'inHovel': False, 'ending': None, 'seenBy': None, 'exchanges': 0, 'carries': 1, 'lessons': 1, 'listens': 15, 'slipped': False, 'walk': None, 'door': None, 'canSpeak': False, 'lessonDone': True, 'listening': False, 'action': None, 'walkStage': None})
  PASS  [mouse-campaign] click-to-move reaches (748,462) (last={'phase': 'night', 'night': 4, 'day': 4, 'minute': 8.05, 'length': 12, 'words': 43, 'firing': 1, 'store': 3, 'unease': 0, 'x': 747, 'y': 462, 'carrying': True, 'inHovel': False, 'ending': None, 'seenBy': None, 'exchanges': 0, 'carries': 1, 'lessons': 1, 'listens': 15, 'slipped': False, 'walk': None, 'door': None, 'canSpeak': False, 'lessonDone': True, 'listening': False, 'action': None, 'walkStage': None})
  PASS  [mouse-campaign] click-to-move reaches (748,425) (last={'phase': 'night', 'night': 4, 'day': 4, 'minute': 8.15, 'length': 12, 'words': 43, 'firing': 1, 'store': 3, 'unease': 0, 'x': 748, 'y': 433, 'carrying': True, 'inHovel': False, 'ending': None, 'seenBy': None, 'exchanges': 0, 'carries': 1, 'lessons': 1, 'listens': 15, 'slipped': False, 'walk': None, 'door': None, 'canSpeak': False, 'lessonDone': True, 'listening': False, 'action': None, 'walkStage': None})
  PASS  [mouse-campaign] n4_carry: the door click puts the load down (firing 1 -> 2)
  PASS  [mouse-campaign] click-to-move reaches (748,410) (last={'phase': 'night', 'night': 4, 'day': 4, 'minute': 9.4, 'length': 12, 'words': 43, 'firing': 2, 'store': 3, 'unease': 0, 'x': 738, 'y': 419, 'carrying': False, 'inHovel': False, 'ending': None, 'seenBy': None, 'exchanges': 0, 'carries': 2, 'lessons': 1, 'listens': 15, 'slipped': False, 'walk': None, 'door': None, 'canSpeak': False, 'lessonDone': True, 'listening': False, 'action': None, 'walkStage': None})
  PASS  [mouse-campaign] click-to-move reaches (748,290) (last={'phase': 'night', 'night': 4, 'day': 4, 'minute': 9.83, 'length': 12, 'words': 43, 'firing': 2, 'store': 3, 'unease': 0, 'x': 747, 'y': 299, 'carrying': False, 'inHovel': False, 'ending': None, 'seenBy': None, 'exchanges': 0, 'carries': 2, 'lessons': 1, 'listens': 15, 'slipped': False, 'walk': None, 'door': None, 'canSpeak': False, 'lessonDone': True, 'listening': False, 'action': None, 'walkStage': None})
  PASS  [mouse-campaign] click-to-move reaches (684,290) (last={'phase': 'night', 'night': 4, 'day': 4, 'minute': 10.03, 'length': 12, 'words': 43, 'firing': 2, 'store': 3, 'unease': 0, 'x': 697, 'y': 291, 'carrying': False, 'inHovel': False, 'ending': None, 'seenBy': None, 'exchanges': 0, 'carries': 2, 'lessons': 1, 'listens': 15, 'slipped': False, 'walk': None, 'door': None, 'canSpeak': False, 'lessonDone': True, 'listening': False, 'action': None, 'walkStage': None})
  PASS  [mouse-campaign] n4_carry: the mouth click slips back inside (last={'phase': 'night', 'night': 4, 'day': 4, 'minute': 10.35, 'length': 12, 'words': 43, 'firing': 2, 'store': 3, 'unease': 0, 'x': 630, 'y': 265, 'carrying': False, 'inHovel': True, 'ending': None, 'seenBy': None, 'exchanges': 0, 'carries': 2, 'lessons': 1, 'listens': 15, 'slipped': False, 'walk': None, 'door': None, 'canSpeak': False, 'lessonDone': True, 'listening': False, 'action': None, 'walkStage': None})

== [mouse-campaign] nights 5-7: the remaining lessons by click ==
  PASS  [mouse-campaign] night 5: the lesson starts at minute 0 by click (lesson)
  PASS  [mouse-campaign] night 5: the lesson completes
  PASS  [mouse-campaign] night 6: the lesson starts at minute 0 by click (lesson)
  PASS  [mouse-campaign] night 6: the lesson completes
  PASS  [mouse-campaign] night 7: the lesson starts at minute 0 by click (lesson)
  PASS  [mouse-campaign] night 7: the lesson completes
  PASS  [mouse-campaign] four lessons attended (4)
  PASS  [mouse-campaign] words 96 >= 80, the fifth exchange gate (GAME_DESIGN §7)
  PASS  [mouse-campaign] carries 2 >= 1, the exchange-5 lock (GAME_DESIGN §9)
  PASS  [mouse-campaign] seven full nights played before the walk (night counter 8)

== [mouse-campaign] day 8: the walk, clicked ==
  PASS  [mouse-campaign] the long walk, five slots (walk={'day': 8, 'slots': 5, 'band': 'long'})
  PASS  [mouse-campaign] the three go out at the gate
  PASS  [mouse-campaign] click-to-move reaches (684,222) (last={'phase': 'walk', 'night': 8, 'day': 8, 'minute': 9.1, 'length': 9, 'words': 96, 'firing': 1, 'store': 3, 'unease': 0, 'x': 679, 'y': 226, 'carrying': False, 'inHovel': False, 'ending': None, 'seenBy': None, 'exchanges': 0, 'carries': 2, 'lessons': 4, 'listens': 20, 'slipped': False, 'walk': {'day': 8, 'slots': 5, 'band': 'long'}, 'door': None, 'canSpeak': False, 'lessonDone': True, 'listening': True, 'action': None, 'walkStage': 'cross'})
  PASS  [mouse-campaign] click-to-move reaches (748,222) (last={'phase': 'walk', 'night': 8, 'day': 8, 'minute': 9.1, 'length': 9, 'words': 96, 'firing': 1, 'store': 3, 'unease': 0, 'x': 742, 'y': 222, 'carrying': False, 'inHovel': False, 'ending': None, 'seenBy': None, 'exchanges': 0, 'carries': 2, 'lessons': 4, 'listens': 20, 'slipped': False, 'walk': {'day': 8, 'slots': 5, 'band': 'long'}, 'door': None, 'canSpeak': False, 'lessonDone': True, 'listening': True, 'action': None, 'walkStage': 'cross'})
  PASS  [mouse-campaign] click-to-move reaches (748,425) (last={'phase': 'walk', 'night': 8, 'day': 8, 'minute': 9.1, 'length': 9, 'words': 96, 'firing': 1, 'store': 3, 'unease': 0, 'x': 748, 'y': 425, 'carrying': False, 'inHovel': False, 'ending': None, 'seenBy': None, 'exchanges': 0, 'carries': 2, 'lessons': 4, 'listens': 20, 'slipped': False, 'walk': {'day': 8, 'slots': 5, 'band': 'long'}, 'door': None, 'canSpeak': False, 'lessonDone': True, 'listening': True, 'action': None, 'walkStage': 'cross'})
  PASS  [mouse-campaign] clicking the door walks up and knocks, keeping all five slots (slots=5)

== [mouse-campaign] the door: five exchanges, clicked ==
  PASS  [mouse-campaign] the door opens when the walk's clock runs out
  PASS  [mouse-campaign] all five exchanges land by click (reached 5, words 96)
  PASS  [mouse-campaign] ending id is a designed one (door; §12: ('seen', 'want', 'silence', 'door'))
  PASS  [mouse-campaign] the run ends at the door (door)

== [mouse-campaign] aftermath, epilogue, afterRun ==
  PASS  [mouse-campaign] the withheld hand holds (mouse.down) into the epilogue
  PASS  [mouse-campaign] a click advances an epilogue card (step 0 -> 1)
  PASS  [mouse-campaign] the epilogue plays out to afterRun
  PASS  [mouse-campaign] the ending is still recorded at afterRun

== [mouse-campaign] restart, clicked ==
  PASS  [mouse-campaign] clicking restart restores a valid initial state (phase=title, night 1, words 0)

== determinism ==
  PASS  same seed + same input sequence -> same state ({'night': 1, 'words': 0, 'firing': 0, 'store': 6, 'ownFood': 3, 'unease': 0})

== viewport and readability ==
  PASS  1280x800 no scroll overflow
  PASS  1280x800 canvas has non-zero size
  PASS  1280x720 no scroll overflow
  PASS  1280x720 canvas has non-zero size

== reduced motion ==
  PASS  still renders under prefers-reduced-motion

== self-contained and performance ==
  PASS  no external request domains (saw ['127.0.0.1:5199'])
  PASS  no failed resource requests (0)
  PASS  console clean (0 errors)
  PASS  frame p95 10 ms <= 33.4 ms (30 FPS floor)
  PASS  no >200 ms stall (worst frame 10.4 ms)
  PASS  no in-game main-thread block > 200 ms (0 over 50 ms)

build: 1.50 MB | external domains: none
result: 133 passed, 0 failed | 27 frames -> /Users/pite/makemoney/novel-to-game/examples/frankenstein/qa/evidence/browser
note: accelerated run; timing evidence is invalid. Re-run once with QA_SLOW=1.
